[7h[0;40;37m[?33h........................................
.[38C.
.[38C.
.  Welcome to %gamename%![14C.
.[38C.
.  %gamename% provides endless hours   .
.  of gameplay in the language of[6C.
.  1990s DOOR games.  %gamename% also  .
.  uses modern technology to provide   .
.  competitive standings, rankings,    .
.  and achievements.[19C.
.[38C.
.[38C.
.[38C.
.[38C.
........................................
